--- parse tree ---
[ Code
    "test/typ/layout/block-spacing-00.typ"
    ( line 1 , column 2 )
    (Let
       (BasicBind (Just (Identifier "test")))
       (FuncExpr
          [ NormalParam (Identifier "x") , NormalParam (Identifier "y") ]
          (Block
             (CodeBlock
                [ If
                    [ ( Equals (Ident (Identifier "x")) (Ident (Identifier "y"))
                      , Block (Content [ Text "\9989" ])
                      )
                    , ( Literal (Boolean True)
                      , Block
                          (Content
                             [ Text "\10060("
                             , Code
                                 "test/typ/layout/block-spacing-00.typ"
                                 ( line 1 , column 47 )
                                 (FuncCall
                                    (Ident (Identifier "repr"))
                                    [ NormalArg (Ident (Identifier "x")) ])
                             , Space
                             , Text "/"
                             , Text "="
                             , Space
                             , Code
                                 "test/typ/layout/block-spacing-00.typ"
                                 ( line 1 , column 59 )
                                 (FuncCall
                                    (Ident (Identifier "repr"))
                                    [ NormalArg (Ident (Identifier "y")) ])
                             , Text ")"
                             ])
                      )
                    ]
                ]))))
, SoftBreak
, Code
    "test/typ/layout/block-spacing-00.typ"
    ( line 2 , column 2 )
    (Set
       (Ident (Identifier "block"))
       [ KeyValArg (Identifier "spacing") (Literal (Numeric 10.0 Pt)) ])
, SoftBreak
, Text "Hello"
, ParBreak
, Text "There"
, ParBreak
, Code
    "test/typ/layout/block-spacing-00.typ"
    ( line 7 , column 2 )
    (FuncCall
       (Ident (Identifier "block"))
       [ KeyValArg (Identifier "spacing") (Literal (Numeric 20.0 Pt))
       , BlockArg [ Text "Further" , Space , Text "down" ]
       ])
, ParBreak
]
--- evaluated ---
{ [
], 
  [
Hello], 
  parbreak(), 
  [There], 
  parbreak(), 
  block(body: [Further down], 
        spacing: 20.0pt), 
  parbreak() }
--- pandoc ---
Pandoc
  Meta { unMeta = fromList [] }
  [ Para [ Str "Hello" ]
  , Para [ Str "There" ]
  , Div
      ( "" , [] , [] ) [ Para [ Str "Further" , Space , Str "down" ] ]
  ]
