--- parse tree ---
[ Code
    "test/typ/layout/enum-align-01.typ"
    ( line 1 , column 2 )
    (Let
       (BasicBind (Just (Identifier "test")))
       (FuncExpr
          [ NormalParam (Identifier "x") , NormalParam (Identifier "y") ]
          (Block
             (CodeBlock
                [ If
                    [ ( Equals (Ident (Identifier "x")) (Ident (Identifier "y"))
                      , Block (Content [ Text "\9989" ])
                      )
                    , ( Literal (Boolean True)
                      , Block
                          (Content
                             [ Text "\10060("
                             , Code
                                 "test/typ/layout/enum-align-01.typ"
                                 ( line 1 , column 47 )
                                 (FuncCall
                                    (Ident (Identifier "repr"))
                                    [ NormalArg (Ident (Identifier "x")) ])
                             , Space
                             , Text "/"
                             , Text "="
                             , Space
                             , Code
                                 "test/typ/layout/enum-align-01.typ"
                                 ( line 1 , column 59 )
                                 (FuncCall
                                    (Ident (Identifier "repr"))
                                    [ NormalArg (Ident (Identifier "y")) ])
                             , Text ")"
                             ])
                      )
                    ]
                ]))))
, SoftBreak
, Comment
, EnumListItem (Just 1) [ Text "a" ]
, SoftBreak
, EnumListItem (Just 10) [ Text "b" ]
, SoftBreak
, EnumListItem (Just 100) [ Text "c" , SoftBreak ]
, SoftBreak
, Code
    "test/typ/layout/enum-align-01.typ"
    ( line 7 , column 2 )
    (Set
       (Ident (Identifier "enum"))
       [ KeyValArg
           (Identifier "number-align") (Ident (Identifier "start"))
       ])
, SoftBreak
, EnumListItem (Just 1) [ Space , Text "a" ]
, SoftBreak
, EnumListItem (Just 8) [ Space , Text "b" ]
, SoftBreak
, EnumListItem (Just 16) [ Text "c" , ParBreak ]
]
--- evaluated ---
{ [
], 
  enum(children: ([a], 
                  [b], 
                  [c
]), 
       start: 1), 
  [
], 
  enum(children: ([ a], 
                  [ b], 
                  { [c], parbreak() }), 
       number-align: start, 
       start: 1) }
--- pandoc ---
Pandoc
  Meta { unMeta = fromList [] }
  [ Para []
  , OrderedList
      ( 1 , DefaultStyle , DefaultDelim )
      [ [ Para [ Str "a" ] ]
      , [ Para [ Str "b" ] ]
      , [ Para [ Str "c" ] ]
      ]
  , Para []
  , OrderedList
      ( 1 , DefaultStyle , DefaultDelim )
      [ [ Para [ Str "a" ] ]
      , [ Para [ Str "b" ] ]
      , [ Para [ Str "c" ] ]
      ]
  ]
