--- parse tree ---
[ Code
    "test/typ/layout/par-justify-02.typ"
    ( line 1 , column 2 )
    (Let
       (BasicBind (Just (Identifier "test")))
       (FuncExpr
          [ NormalParam (Identifier "x") , NormalParam (Identifier "y") ]
          (Block
             (CodeBlock
                [ If
                    [ ( Equals (Ident (Identifier "x")) (Ident (Identifier "y"))
                      , Block (Content [ Text "\9989" ])
                      )
                    , ( Literal (Boolean True)
                      , Block
                          (Content
                             [ Text "\10060("
                             , Code
                                 "test/typ/layout/par-justify-02.typ"
                                 ( line 1 , column 47 )
                                 (FuncCall
                                    (Ident (Identifier "repr"))
                                    [ NormalArg (Ident (Identifier "x")) ])
                             , Space
                             , Text "/"
                             , Text "="
                             , Space
                             , Code
                                 "test/typ/layout/par-justify-02.typ"
                                 ( line 1 , column 59 )
                                 (FuncCall
                                    (Ident (Identifier "repr"))
                                    [ NormalArg (Ident (Identifier "y")) ])
                             , Text ")"
                             ])
                      )
                    ]
                ]))))
, SoftBreak
, Comment
, Text "A"
, Space
, Text "B"
, Space
, Text "C"
, Space
, Code
    "test/typ/layout/par-justify-02.typ"
    ( line 3 , column 8 )
    (FuncCall
       (Ident (Identifier "linebreak"))
       [ KeyValArg (Identifier "justify") (Literal (Boolean True)) ])
, SoftBreak
, Text "D"
, Space
, Text "E"
, Space
, Text "F"
, Space
, Code
    "test/typ/layout/par-justify-02.typ"
    ( line 4 , column 8 )
    (FuncCall
       (Ident (Identifier "linebreak"))
       [ KeyValArg (Identifier "justify") (Literal (Boolean True)) ])
, ParBreak
]
--- evaluated ---
{ [
], 
  [A B C ], 
  linebreak(justify: true), 
  [
D E F ], 
  linebreak(justify: true), 
  parbreak() }
--- pandoc ---
Pandoc
  Meta { unMeta = fromList [] }
  [ Para
      [ Str "A"
      , Space
      , Str "B"
      , Space
      , Str "C"
      , LineBreak
      , Str "D"
      , Space
      , Str "E"
      , Space
      , Str "F"
      , LineBreak
      ]
  ]
