--- parse tree ---
[ Code
    "test/typ/text/features-05.typ"
    ( line 1 , column 2 )
    (Let
       (BasicBind (Just (Identifier "test")))
       (FuncExpr
          [ NormalParam (Identifier "x") , NormalParam (Identifier "y") ]
          (Block
             (CodeBlock
                [ If
                    [ ( Equals (Ident (Identifier "x")) (Ident (Identifier "y"))
                      , Block (Content [ Text "\9989" ])
                      )
                    , ( Literal (Boolean True)
                      , Block
                          (Content
                             [ Text "\10060("
                             , Code
                                 "test/typ/text/features-05.typ"
                                 ( line 1 , column 47 )
                                 (FuncCall
                                    (Ident (Identifier "repr"))
                                    [ NormalArg (Ident (Identifier "x")) ])
                             , Space
                             , Text "/"
                             , Text "="
                             , Space
                             , Code
                                 "test/typ/text/features-05.typ"
                                 ( line 1 , column 59 )
                                 (FuncCall
                                    (Ident (Identifier "repr"))
                                    [ NormalArg (Ident (Identifier "y")) ])
                             , Text ")"
                             ])
                      )
                    ]
                ]))))
, SoftBreak
, Comment
, Code
    "test/typ/text/features-05.typ"
    ( line 3 , column 2 )
    (FuncCall
       (Ident (Identifier "text"))
       [ KeyValArg
           (Identifier "number-width") (Literal (String "proportional"))
       , BlockArg [ Text "0123456789" ]
       ])
, Space
, HardBreak
, Code
    "test/typ/text/features-05.typ"
    ( line 4 , column 2 )
    (FuncCall
       (Ident (Identifier "text"))
       [ KeyValArg
           (Identifier "number-width") (Literal (String "tabular"))
       , BlockArg [ Text "3456789123" ]
       ])
, Space
, HardBreak
, Code
    "test/typ/text/features-05.typ"
    ( line 5 , column 2 )
    (FuncCall
       (Ident (Identifier "text"))
       [ KeyValArg
           (Identifier "number-width") (Literal (String "tabular"))
       , BlockArg [ Text "0123456789" ]
       ])
, ParBreak
]
--- evaluated ---
{ [
], 
  text(body: [0123456789], 
       number-width: "proportional"), 
  [ ], 
  linebreak(), 
  text(body: [3456789123], 
       number-width: "tabular"), 
  [ ], 
  linebreak(), 
  text(body: [0123456789], 
       number-width: "tabular"), 
  parbreak() }
--- pandoc ---
Pandoc
  Meta { unMeta = fromList [] }
  [ Para
      [ Str "0123456789"
      , LineBreak
      , Str "3456789123"
      , LineBreak
      , Str "0123456789"
      ]
  ]
