--- parse tree ---
[ Code
    "test/typ/text/linebreak-04.typ"
    ( line 1 , column 2 )
    (Let
       (BasicBind (Just (Identifier "test")))
       (FuncExpr
          [ NormalParam (Identifier "x") , NormalParam (Identifier "y") ]
          (Block
             (CodeBlock
                [ If
                    [ ( Equals (Ident (Identifier "x")) (Ident (Identifier "y"))
                      , Block (Content [ Text "\9989" ])
                      )
                    , ( Literal (Boolean True)
                      , Block
                          (Content
                             [ Text "\10060"
                             , Text "("
                             , Code
                                 "test/typ/text/linebreak-04.typ"
                                 ( line 1 , column 47 )
                                 (FuncCall
                                    (Ident (Identifier "repr"))
                                    [ NormalArg (Ident (Identifier "x")) ])
                             , Space
                             , Text "/"
                             , Text "="
                             , Space
                             , Code
                                 "test/typ/text/linebreak-04.typ"
                                 ( line 1 , column 59 )
                                 (FuncCall
                                    (Ident (Identifier "repr"))
                                    [ NormalArg (Ident (Identifier "y")) ])
                             , Text ")"
                             ])
                      )
                    ]
                ]))))
, SoftBreak
, Comment
, Text "Hard"
, Space
, Text "break"
, Space
, Text "directly"
, Space
, Text "after"
, Space
, HardBreak
, Text "normal"
, Space
, Text "break"
, Text "."
, ParBreak
]
--- evaluated ---
{ [
], 
  [Hard break directly after ], 
  linebreak(), 
  [normal break.], 
  parbreak() }
--- pandoc ---
Pandoc
  Meta { unMeta = fromList [] }
  [ Para
      [ Str "Hard"
      , Space
      , Str "break"
      , Space
      , Str "directly"
      , Space
      , Str "after"
      , LineBreak
      , Str "normal"
      , Space
      , Str "break."
      ]
  ]
