--- parse tree ---
[ Code
    "test/typ/text/linebreak-02.typ"
    ( line 1 , column 2 )
    (Let
       (BasicBind (Just (Identifier "test")))
       (FuncExpr
          [ NormalParam (Identifier "x") , NormalParam (Identifier "y") ]
          (Block
             (CodeBlock
                [ If
                    [ ( Equals (Ident (Identifier "x")) (Ident (Identifier "y"))
                      , Block (Content [ Text "\9989" ])
                      )
                    , ( Literal (Boolean True)
                      , Block
                          (Content
                             [ Text "\10060"
                             , Text "("
                             , Code
                                 "test/typ/text/linebreak-02.typ"
                                 ( line 1 , column 47 )
                                 (FuncCall
                                    (Ident (Identifier "repr"))
                                    [ NormalArg (Ident (Identifier "x")) ])
                             , Space
                             , Text "/"
                             , Text "="
                             , Space
                             , Code
                                 "test/typ/text/linebreak-02.typ"
                                 ( line 1 , column 59 )
                                 (FuncCall
                                    (Ident (Identifier "repr"))
                                    [ NormalArg (Ident (Identifier "y")) ])
                             , Text ")"
                             ])
                      )
                    ]
                ]))))
, SoftBreak
, Comment
, Text "This"
, Space
, Text "is"
, Space
, Text "partly"
, Space
, Text "emp"
, Code
    "test/typ/text/linebreak-02.typ"
    ( line 3 , column 20 )
    (FuncCall (Ident (Identifier "emph")) [ BlockArg [ Text "has" ] ])
, Text "ized"
, Text "."
, ParBreak
]
--- evaluated ---
{ [
], 
  [This is partly emp], 
  emph(body: [has]), 
  [ized.], 
  parbreak() }
--- pandoc ---
Pandoc
  Meta { unMeta = fromList [] }
  [ Para
      [ Str "This"
      , Space
      , Str "is"
      , Space
      , Str "partly"
      , Space
      , Str "emp"
      , Emph [ Str "has" ]
      , Str "ized."
      ]
  ]
