--- parse tree ---
[ Code
    "test/typ/compiler/show-text-05.typ"
    ( line 1 , column 2 )
    (Let
       (BasicBind (Just (Identifier "test")))
       (FuncExpr
          [ NormalParam (Identifier "x") , NormalParam (Identifier "y") ]
          (Block
             (CodeBlock
                [ If
                    [ ( Equals (Ident (Identifier "x")) (Ident (Identifier "y"))
                      , Block (Content [ Text "\9989" ])
                      )
                    , ( Literal (Boolean True)
                      , Block
                          (Content
                             [ Text "\10060"
                             , Text "("
                             , Code
                                 "test/typ/compiler/show-text-05.typ"
                                 ( line 1 , column 47 )
                                 (FuncCall
                                    (Ident (Identifier "repr"))
                                    [ NormalArg (Ident (Identifier "x")) ])
                             , Space
                             , Text "/"
                             , Text "="
                             , Space
                             , Code
                                 "test/typ/compiler/show-text-05.typ"
                                 ( line 1 , column 59 )
                                 (FuncCall
                                    (Ident (Identifier "repr"))
                                    [ NormalArg (Ident (Identifier "y")) ])
                             , Text ")"
                             ])
                      )
                    ]
                ]))))
, SoftBreak
, Comment
, Code
    "test/typ/compiler/show-text-05.typ"
    ( line 3 , column 2 )
    (Show
       (Just
          (FuncCall
             (Ident (Identifier "regex"))
             [ NormalArg (Literal (String "(?i)rust")) ]))
       (FuncExpr
          [ NormalParam (Identifier "it") ]
          (Block
             (Content
                [ Code
                    "test/typ/compiler/show-text-05.typ"
                    ( line 3 , column 34 )
                    (Ident (Identifier "it"))
                , Space
                , Text "("
                , Text "\128640)"
                ]))))
, SoftBreak
, Text "Rust"
, Space
, Text "is"
, Space
, Text "memory"
, Text "-"
, Text "safe"
, Space
, Text "and"
, Space
, Text "blazingly"
, Space
, Text "fast"
, Text "."
, Space
, Text "Let"
, Quote '\''
, Text "s"
, Space
, Text "rewrite"
, Space
, Text "everything"
, Space
, Text "in"
, Space
, Text "rust"
, Text "."
, ParBreak
]
--- evaluated ---
{ [
], 
  [
], 
  [Rust], 
  [ (ðŸš€)], 
  [ is memory-safe and blazingly fast. Letâ€™s rewrite everything in ], 
  [rust], 
  [ (ðŸš€)], 
  [.], 
  parbreak() }
--- pandoc ---
Pandoc
  Meta { unMeta = fromList [] }
  [ Para
      [ Str "Rust"
      , Space
      , Str "(\128640)"
      , Space
      , Str "is"
      , Space
      , Str "memory-safe"
      , Space
      , Str "and"
      , Space
      , Str "blazingly"
      , Space
      , Str "fast."
      , Space
      , Str "Let\8217s"
      , Space
      , Str "rewrite"
      , Space
      , Str "everything"
      , Space
      , Str "in"
      , Space
      , Str "rust"
      , Space
      , Str "(\128640)."
      ]
  ]
