--- parse tree ---
[ Code
    "test/typ/compiler/string-09.typ"
    ( line 1 , column 2 )
    (Let
       (BasicBind (Just (Identifier "test")))
       (FuncExpr
          [ NormalParam (Identifier "x") , NormalParam (Identifier "y") ]
          (Block
             (CodeBlock
                [ If
                    [ ( Equals (Ident (Identifier "x")) (Ident (Identifier "y"))
                      , Block (Content [ Text "\9989" ])
                      )
                    , ( Literal (Boolean True)
                      , Block
                          (Content
                             [ Text "\10060"
                             , Text "("
                             , Code
                                 "test/typ/compiler/string-09.typ"
                                 ( line 1 , column 47 )
                                 (FuncCall
                                    (Ident (Identifier "repr"))
                                    [ NormalArg (Ident (Identifier "x")) ])
                             , Space
                             , Text "/"
                             , Text "="
                             , Space
                             , Code
                                 "test/typ/compiler/string-09.typ"
                                 ( line 1 , column 59 )
                                 (FuncCall
                                    (Ident (Identifier "repr"))
                                    [ NormalArg (Ident (Identifier "y")) ])
                             , Text ")"
                             ])
                      )
                    ]
                ]))))
, SoftBreak
, Comment
, Code
    "test/typ/compiler/string-09.typ"
    ( line 3 , column 2 )
    (FuncCall
       (Ident (Identifier "test"))
       [ NormalArg
           (FuncCall
              (FieldAccess
                 (Ident (Identifier "clusters")) (Literal (String "abc")))
              [])
       , NormalArg
           (Array
              [ Literal (String "a")
              , Literal (String "b")
              , Literal (String "c")
              ])
       ])
, SoftBreak
, Code
    "test/typ/compiler/string-09.typ"
    ( line 4 , column 2 )
    (FuncCall
       (Ident (Identifier "test"))
       [ NormalArg
           (FuncCall
              (FieldAccess
                 (Ident (Identifier "clusters")) (Literal (String "abc")))
              [])
       , NormalArg
           (Array
              [ Literal (String "a")
              , Literal (String "b")
              , Literal (String "c")
              ])
       ])
, SoftBreak
, Code
    "test/typ/compiler/string-09.typ"
    ( line 5 , column 2 )
    (FuncCall
       (Ident (Identifier "test"))
       [ NormalArg
           (FuncCall
              (FieldAccess
                 (Ident (Identifier "clusters"))
                 (Literal (String "\127987\65039\8205\127752!")))
              [])
       , NormalArg
           (Array
              [ Literal (String "\127987\65039\8205\127752")
              , Literal (String "!")
              ])
       ])
, SoftBreak
, Code
    "test/typ/compiler/string-09.typ"
    ( line 6 , column 2 )
    (FuncCall
       (Ident (Identifier "test"))
       [ NormalArg
           (FuncCall
              (FieldAccess
                 (Ident (Identifier "codepoints"))
                 (Literal (String "\127987\65039\8205\127752!")))
              [])
       , NormalArg
           (Array
              [ Literal (String "\127987")
              , Literal (String "\65039")
              , Literal (String "\8205")
              , Literal (String "\127752")
              , Literal (String "!")
              ])
       ])
, ParBreak
]
--- evaluated ---
{ text(body: [
]), 
  text(body: [‚úÖ]), 
  text(body: [
]), 
  text(body: [‚úÖ]), 
  text(body: [
]), 
  text(body: [‚ùå(]), 
  text(body: [("üè≥", "Ô∏è", "‚Äç", "üåà", "!")]), 
  text(body: [ /= ]), 
  text(body: [("üè≥Ô∏è‚Äçüåà", "!")]), 
  text(body: [)]), 
  text(body: [
]), 
  text(body: [‚úÖ]), 
  parbreak() }
--- pandoc ---
Pandoc
  Meta { unMeta = fromList [] }
  [ Para
      [ Str "\9989"
      , SoftBreak
      , Str "\9989"
      , SoftBreak
      , Str "\10060((\"\127987\","
      , Space
      , Str "\"\65039\","
      , Space
      , Str "\"\8205\","
      , Space
      , Str "\"\127752\","
      , Space
      , Str "\"!\")"
      , Space
      , Str "/="
      , Space
      , Str "(\"\127987\65039\8205\127752\","
      , Space
      , Str "\"!\"))"
      , SoftBreak
      , Str "\9989"
      ]
  ]
