--- parse tree ---
[ Code
    "test/typ/visualize/image-01.typ"
    ( line 1 , column 2 )
    (Let
       (BasicBind (Just (Identifier "test")))
       (FuncExpr
          [ NormalParam (Identifier "x") , NormalParam (Identifier "y") ]
          (Block
             (CodeBlock
                [ If
                    [ ( Equals (Ident (Identifier "x")) (Ident (Identifier "y"))
                      , Block (Content [ Text "\9989" ])
                      )
                    , ( Literal (Boolean True)
                      , Block
                          (Content
                             [ Text "\10060("
                             , Code
                                 "test/typ/visualize/image-01.typ"
                                 ( line 1 , column 47 )
                                 (FuncCall
                                    (Ident (Identifier "repr"))
                                    [ NormalArg (Ident (Identifier "x")) ])
                             , Space
                             , Text "/"
                             , Text "="
                             , Space
                             , Code
                                 "test/typ/visualize/image-01.typ"
                                 ( line 1 , column 59 )
                                 (FuncCall
                                    (Ident (Identifier "repr"))
                                    [ NormalArg (Ident (Identifier "y")) ])
                             , Text ")"
                             ])
                      )
                    ]
                ]))))
, SoftBreak
, Comment
, SoftBreak
, Comment
, Code
    "test/typ/visualize/image-01.typ"
    ( line 5 , column 2 )
    (FuncCall
       (Ident (Identifier "box"))
       [ NormalArg
           (FuncCall
              (Ident (Identifier "image"))
              [ NormalArg (Literal (String "test/assets/files/rhino.png"))
              , KeyValArg (Identifier "width") (Literal (Numeric 30.0 Pt))
              ])
       ])
, SoftBreak
, Code
    "test/typ/visualize/image-01.typ"
    ( line 6 , column 2 )
    (FuncCall
       (Ident (Identifier "box"))
       [ NormalArg
           (FuncCall
              (Ident (Identifier "image"))
              [ NormalArg (Literal (String "test/assets/files/rhino.png"))
              , KeyValArg (Identifier "height") (Literal (Numeric 30.0 Pt))
              ])
       ])
, ParBreak
, Comment
, Code
    "test/typ/visualize/image-01.typ"
    ( line 9 , column 2 )
    (FuncCall
       (Ident (Identifier "image"))
       [ NormalArg (Literal (String "test/assets/files/monkey.svg"))
       , KeyValArg (Identifier "width") (Literal (Numeric 100.0 Percent))
       , KeyValArg (Identifier "height") (Literal (Numeric 20.0 Pt))
       , KeyValArg (Identifier "fit") (Literal (String "stretch"))
       ])
, ParBreak
, Comment
, Code
    "test/typ/visualize/image-01.typ"
    ( line 12 , column 2 )
    (FuncCall
       (Ident (Identifier "align"))
       [ NormalArg
           (Plus (Ident (Identifier "bottom")) (Ident (Identifier "right")))
       , NormalArg
           (FuncCall
              (Ident (Identifier "image"))
              [ NormalArg (Literal (String "test/assets/files/tiger.jpg"))
              , KeyValArg (Identifier "width") (Literal (Numeric 40.0 Pt))
              , KeyValArg (Identifier "alt") (Literal (String "A tiger"))
              ])
       ])
, ParBreak
]
--- evaluated ---
{ [
], 
  [
], 
  box(body: image(path: "test/assets/files/rhino.png", 
                  width: 30.0pt)), 
  [
], 
  box(body: image(height: 30.0pt, 
                  path: "test/assets/files/rhino.png")), 
  parbreak(), 
  image(fit: "stretch", 
        height: 20.0pt, 
        path: "test/assets/files/monkey.svg", 
        width: 100%), 
  parbreak(), 
  align(alignment: Axes(right, bottom), 
        body: image(alt: "A tiger", 
                    path: "test/assets/files/tiger.jpg", 
                    width: 40.0pt)), 
  parbreak() }
--- pandoc ---
Pandoc
  Meta { unMeta = fromList [] }
  [ Para
      [ Span
          ( "" , [ "box" ] , [] )
          [ Image
              ( "" , [] , [ ( "width" , "30.0pt" ) ] )
              []
              ( "test/assets/files/rhino.png" , "" )
          ]
      , SoftBreak
      , Span
          ( "" , [ "box" ] , [] )
          [ Image
              ( "" , [] , [ ( "height" , "30.0pt" ) ] )
              []
              ( "test/assets/files/rhino.png" , "" )
          ]
      ]
  , Para
      [ Image
          ( "" , [] , [ ( "width" , "100%" ) , ( "height" , "20.0pt" ) ] )
          []
          ( "test/assets/files/monkey.svg" , "" )
      ]
  , Div
      ( "" , [] , [ ( "align" , "Axes(right, bottom)" ) ] )
      [ Para
          [ Image
              ( "" , [] , [ ( "width" , "40.0pt" ) ] )
              [ Str "A" , Space , Str "tiger" ]
              ( "test/assets/files/tiger.jpg" , "" )
          ]
      ]
  ]
