--- parse tree ---
[ Code
    "test/typ/math/alignment-01.typ"
    ( line 1 , column 2 )
    (Let
       (BasicBind (Just (Identifier "test")))
       (FuncExpr
          [ NormalParam (Identifier "x") , NormalParam (Identifier "y") ]
          (Block
             (CodeBlock
                [ If
                    [ ( Equals (Ident (Identifier "x")) (Ident (Identifier "y"))
                      , Block (Content [ Text "\9989" ])
                      )
                    , ( Literal (Boolean True)
                      , Block
                          (Content
                             [ Text "\10060("
                             , Code
                                 "test/typ/math/alignment-01.typ"
                                 ( line 1 , column 47 )
                                 (FuncCall
                                    (Ident (Identifier "repr"))
                                    [ NormalArg (Ident (Identifier "x")) ])
                             , Space
                             , Text "/"
                             , Text "="
                             , Space
                             , Code
                                 "test/typ/math/alignment-01.typ"
                                 ( line 1 , column 59 )
                                 (FuncCall
                                    (Ident (Identifier "repr"))
                                    [ NormalArg (Ident (Identifier "y")) ])
                             , Text ")"
                             ])
                      )
                    ]
                ]))))
, SoftBreak
, Comment
, Equation
    True
    [ MAlignPoint
    , Text " right "
    , HardBreak
    , Text "a very long line "
    , HardBreak
    , Text "left "
    , HardBreak
    ]
, ParBreak
]
--- evaluated ---
{ [
], 
  math.equation(block: true, 
                body: { math.alignpoint(), 
                        [ right ], 
                        linebreak(), 
                        [a very long line ], 
                        linebreak(), 
                        [left ], 
                        linebreak() }, 
                numbering: none), 
  parbreak() }
--- pandoc ---
Pandoc
  Meta { unMeta = fromList [] }
  [ Para
      [ Math
          DisplayMath
          "\\begin{aligned}\n & \\text{ right } \\\\\n\\text{a very long line } \\\\\n\\text{left }\n\\end{aligned}"
      ]
  ]
