--- parse tree ---
[ Code
    "test/typ/math/matrix-alignment-03.typ"
    ( line 1 , column 2 )
    (Let
       (BasicBind (Just (Identifier "test")))
       (FuncExpr
          [ NormalParam (Identifier "x") , NormalParam (Identifier "y") ]
          (Block
             (CodeBlock
                [ If
                    [ ( Equals (Ident (Identifier "x")) (Ident (Identifier "y"))
                      , Block (Content [ Text "\9989" ])
                      )
                    , ( Literal (Boolean True)
                      , Block
                          (Content
                             [ Text "\10060("
                             , Code
                                 "test/typ/math/matrix-alignment-03.typ"
                                 ( line 1 , column 47 )
                                 (FuncCall
                                    (Ident (Identifier "repr"))
                                    [ NormalArg (Ident (Identifier "x")) ])
                             , Space
                             , Text "/"
                             , Text "="
                             , Space
                             , Code
                                 "test/typ/math/matrix-alignment-03.typ"
                                 ( line 1 , column 59 )
                                 (FuncCall
                                    (Ident (Identifier "repr"))
                                    [ NormalArg (Ident (Identifier "y")) ])
                             , Text ")"
                             ])
                      )
                    ]
                ]))))
, SoftBreak
, Comment
, Equation
    True
    [ Code
        "test/typ/math/matrix-alignment-03.typ"
        ( line 3 , column 3 )
        (FuncCall
           (Ident (Identifier "mat"))
           [ ArrayArg
               [ [ MGroup Nothing Nothing [ MAlignPoint , Text "a" ]
                 , MGroup Nothing Nothing [ MAlignPoint , Text "a a a" ]
                 , MGroup Nothing Nothing [ MAlignPoint , Text "a a" ]
                 ]
               , [ MGroup Nothing Nothing [ MAlignPoint , Text "a a" ]
                 , MGroup Nothing Nothing [ MAlignPoint , Text "a a" ]
                 , MGroup Nothing Nothing [ MAlignPoint , Text "a" ]
                 ]
               , [ MGroup Nothing Nothing [ MAlignPoint , Text "a a a" ]
                 , MGroup Nothing Nothing [ MAlignPoint , Text "a" ]
                 , MGroup Nothing Nothing [ MAlignPoint , Text "a a a" ]
                 ]
               ]
           ])
    ]
, ParBreak
]
--- evaluated ---
{ [
], 
  math.equation(block: true, 
                body: math.mat(rows: (({ math.alignpoint(), 
                                         [a] }, 
                                       { math.alignpoint(), 
                                         [a a a] }, 
                                       { math.alignpoint(), 
                                         [a a] }), 
                                      ({ math.alignpoint(), 
                                         [a a] }, 
                                       { math.alignpoint(), 
                                         [a a] }, 
                                       { math.alignpoint(), 
                                         [a] }), 
                                      ({ math.alignpoint(), 
                                         [a a a] }, 
                                       { math.alignpoint(), 
                                         [a] }, 
                                       { math.alignpoint(), 
                                         [a a a] }))), 
                numbering: none), 
  parbreak() }
--- pandoc ---
Pandoc
  Meta { unMeta = fromList [] }
  [ Para
      [ Math
          DisplayMath
          "\\left( \\begin{array}{lll}\n\\begin{aligned}\n & a\n\\end{aligned} & \\begin{aligned}\n & \\text{a a a}\n\\end{aligned} & \\begin{aligned}\n & \\text{a a}\n\\end{aligned} \\\\\n\\begin{aligned}\n & \\text{a a}\n\\end{aligned} & \\begin{aligned}\n & \\text{a a}\n\\end{aligned} & \\begin{aligned}\n & a\n\\end{aligned} \\\\\n\\begin{aligned}\n & \\text{a a a}\n\\end{aligned} & \\begin{aligned}\n & a\n\\end{aligned} & \\begin{aligned}\n & \\text{a a a}\n\\end{aligned}\n\\end{array} \\right)"
      ]
  ]
