--- parse tree ---
[ Code
    "test/typ/math/matrix-03.typ"
    ( line 1 , column 2 )
    (Let
       (BasicBind (Just (Identifier "test")))
       (FuncExpr
          [ NormalParam (Identifier "x") , NormalParam (Identifier "y") ]
          (Block
             (CodeBlock
                [ If
                    [ ( Equals (Ident (Identifier "x")) (Ident (Identifier "y"))
                      , Block (Content [ Text "\9989" ])
                      )
                    , ( Literal (Boolean True)
                      , Block
                          (Content
                             [ Text "\10060"
                             , Text "("
                             , Code
                                 "test/typ/math/matrix-03.typ"
                                 ( line 1 , column 47 )
                                 (FuncCall
                                    (Ident (Identifier "repr"))
                                    [ NormalArg (Ident (Identifier "x")) ])
                             , Space
                             , Text "/"
                             , Text "="
                             , Space
                             , Code
                                 "test/typ/math/matrix-03.typ"
                                 ( line 1 , column 59 )
                                 (FuncCall
                                    (Ident (Identifier "repr"))
                                    [ NormalArg (Ident (Identifier "y")) ])
                             , Text ")"
                             ])
                      )
                    ]
                ]))))
, SoftBreak
, Comment
, Code
    "test/typ/math/matrix-03.typ"
    ( line 3 , column 2 )
    (Set
       (FieldAccess
          (Ident (Identifier "mat")) (Ident (Identifier "math")))
       [ KeyValArg (Identifier "delim") (Literal (String "[")) ])
, SoftBreak
, Equation
    True
    [ Code
        "test/typ/math/matrix-03.typ"
        ( line 4 , column 3 )
        (FuncCall
           (Ident (Identifier "mat"))
           [ ArrayArg [ [ Text "1" , Text "2" ] , [ Text "3" , Text "4" ] ] ])
    ]
, SoftBreak
, Equation
    True
    [ Text "a"
    , Text "+"
    , Code
        "test/typ/math/matrix-03.typ"
        ( line 5 , column 7 )
        (FuncCall
           (Ident (Identifier "mat"))
           [ KeyValArg (Identifier "delim") (Literal None)
           , ArrayArg [ [ Text "1" , Text "2" ] , [ Text "3" , Text "4" ] ]
           ])
    , Text "+"
    , Text "b"
    ]
, ParBreak
]
--- evaluated ---
{ [
], 
  [
], 
  math.equation(block: true, 
                body: math.mat(rows: (([1], 
                                       [2]), 
                                      ([3], [4]))), 
                numbering: none), 
  [
], 
  math.equation(block: true, 
                body: { [a], 
                        [+], 
                        math.mat(rows: (([1], [2]), 
                                        ([3], [4]))), 
                        [+], 
                        [b] }, 
                numbering: none), 
  parbreak() }
--- pandoc ---
Pandoc
  Meta { unMeta = fromList [] }
  [ Para
      [ Math
          DisplayMath "\\begin{pmatrix}\n1 & 2 \\\\\n3 & 4\n\\end{pmatrix}"
      , SoftBreak
      , Math
          DisplayMath
          "a + \\begin{pmatrix}\n1 & 2 \\\\\n3 & 4\n\\end{pmatrix} + b"
      ]
  ]
